***************************************************************************
*                      M-SPARC v1.0.0 (Oct 07, 2020)                      *
*   Copyright (c) 2019 Material Physics & Mechanics Group, Georgia Tech   *
*           Distributed under GNU General Public License 3 (GPL)          *
*                Date: 05-Jan-2021  Start time: 16:45:40                  *
***************************************************************************
                           Input parameters                                
***************************************************************************
CELL: 20.000000 20.000000 20.000000 
FD_GRID: 67 67 67
FD_ORDER: 12
BC: D D D
ELEC_TEMP_TYPE: fermi-dirac
SMEARING: 0.000999993
CHEB_DEGREE: 26
NSTATES: 2
EXCHANGE_CORRELATION: PBE0
CALC_STRESS: 0
CALC_PRES: 0
MAXIT_SCF: 100
TOL_SCF: 1.00E-06
TOL_POISSON: 1.00E-08
TOL_LANCZOS: 1.00E-02
TOL_PSEUDOCHARGE: 1.00E-08
MIXING_VARIABLE: potential
MIXING_PRECOND: none
MIXING_PARAMETER: 0.30
MIXING_HISTORY: 7
PULAY_FREQUENCY: 1
PULAY_RESTART_FREQ: 0
REFERENCE_CUTOFF: 0.50
RHO_TRIGGER: 4
FIX_RAND: 0
PRINT_FORCES: 1
PRINT_ATOMS: 1
PRINT_EIGEN: 1
PRINT_DENSITY: 0
MAXIT_FOCK: 20
TOL_FOCK: 1.00E-06
HYB_MIXING: 0.25
EXX_METHOD: FOURIER_SPACE
OUTPUT_FILE: ../tests/Exx/He/He-PBE0.out
***************************************************************************
                             Initialization                                
***************************************************************************
Mesh spacing                       :  0.298507 (Bohr)
Output printed to                  :  ../tests/Exx/He/He-PBE0.out
Total number of atom types         :  1
Total number of atoms              :  1
Total number of electrons          :  2
Atom type 1  (valence electrons)   :  He 2
Pseudopotential                    :  He.pot
lloc                               :  4
Pseudocharge radii of atom type 1  :  6.87 6.87 6.87
Number of atoms of type 1          :  1
Estimated total memory usage       :  1.17 GB
=====================================================================
                    Self Consistent Field (SCF#1)                     
=====================================================================
Iteration     Free Energy (Ha/atom)   SCF Error        Timing (sec)
1            -2.7898729035E+00        1.109E-01        6.317
2            -2.7899721013E+00        5.515E-02        6.261
3            -2.7899727337E+00        4.439E-02        6.204
4            -2.7899727417E+00        4.032E-02        5.211
5            -2.7899727435E+00        4.174E-02        3.775
6            -2.7899727440E+00        4.114E-02        4.154
7            -2.7899727442E+00        3.798E-02        3.400
8            -2.7899727443E+00        3.344E-02        3.047
9            -2.7899727443E+00        1.518E-02        3.067
10           -2.7899727445E+00        1.351E-02        3.594
11           -2.7899727446E+00        1.166E-02        2.737
12           -2.7899727442E+00        1.093E-02        2.727
13           -2.7899727448E+00        1.112E-02        2.706
14           -2.7899727440E+00        9.475E-03        2.437
15           -2.7899727448E+00        5.957E-03        2.736
16           -2.7899727451E+00        3.543E-03        2.445
17           -2.7899727449E+00        4.816E-03        2.508
18           -2.7899727447E+00        3.634E-03        2.062
19           -2.7899727488E+00        4.049E-03        2.477
20           -2.7899727446E+00        2.195E-03        2.042
21           -2.7899727444E+00        4.333E-03        2.428
22           -2.7899727438E+00        6.055E-03        2.118
23           -2.7899727433E+00        3.141E-03        2.368
24           -2.7899727452E+00        4.630E-04        2.047
25           -2.7899727439E+00        2.407E-04        2.159
26           -2.7899727401E+00        4.965E-04        2.087
27           -2.7899727435E+00        1.249E-04        1.759
28           -2.7899727442E+00        4.254E-04        2.009
29           -2.7899727431E+00        1.319E-04        2.064
30           -2.7899727497E+00        2.737E-05        1.711
31           -2.7899727498E+00        3.943E-05        1.775
32           -2.7899727491E+00        1.558E-05        1.781
33           -2.7899727496E+00        8.662E-06        1.697
34           -2.7899727497E+00        9.156E-07        1.727
Total number of SCF: 34    
No.1 Exx outer loop:
1            -3.0350033409E+00        1.178E-01        26.999
2            -3.0350050316E+00        5.903E-02        9.874
3            -3.0350054908E+00        1.954E-01        8.955
4            -3.0350055671E+00        1.754E-01        8.910
5            -3.0350056543E+00        1.579E-01        8.809
6            -3.0350056938E+00        7.754E-02        8.561
7            -3.0350058368E+00        4.953E-02        7.995
8            -3.0350058634E+00        7.001E-02        8.468
9            -3.0350059638E+00        5.031E-02        8.011
10           -3.0350059766E+00        5.502E-02        8.801
11           -3.0350059800E+00        5.151E-02        8.390
12           -3.0350059858E+00        6.176E-02        7.538
13           -3.0350059852E+00        6.363E-02        8.281
14           -3.0350059864E+00        5.840E-02        8.280
15           -3.0350059830E+00        6.039E-02        6.598
16           -3.0350059851E+00        5.252E-02        8.014
17           -3.0350059843E+00        5.756E-02        7.311
18           -3.0350059862E+00        6.471E-02        6.543
19           -3.0350059851E+00        5.328E-02        7.860
20           -3.0350059840E+00        4.410E-02        7.957
21           -3.0350059858E+00        5.829E-02        7.620
22           -3.0350059824E+00        6.202E-02        8.321
23           -3.0350059859E+00        6.099E-02        8.330
24           -3.0350059870E+00        4.828E-02        8.239
25           -3.0350059863E+00        4.176E-02        6.479
26           -3.0350059855E+00        3.764E-02        6.868
27           -3.0350059865E+00        3.676E-02        7.240
28           -3.0350059853E+00        3.551E-02        7.365
29           -3.0350059863E+00        3.271E-02        7.319
30           -3.0350059853E+00        4.115E-02        7.298
31           -3.0350059855E+00        3.065E-02        6.185
32           -3.0350059866E+00        3.934E-02        7.126
33           -3.0350059854E+00        3.001E-02        6.142
34           -3.0350059859E+00        3.575E-02        6.973
35           -3.0350059861E+00        3.531E-02        6.636
36           -3.0350059862E+00        3.988E-02        6.747
37           -3.0350059854E+00        3.521E-02        6.563
38           -3.0350059867E+00        3.869E-02        6.584
39           -3.0350059854E+00        4.145E-02        6.252
40           -3.0350059864E+00        3.885E-02        6.571
41           -3.0350059863E+00        2.315E-02        6.258
42           -3.0350059864E+00        1.734E-02        6.921
43           -3.0350059865E+00        1.642E-02        6.961
44           -3.0350059861E+00        2.257E-02        7.021
45           -3.0350059866E+00        2.121E-02        6.487
46           -3.0350059865E+00        2.110E-02        6.137
47           -3.0350059860E+00        2.647E-02        6.560
48           -3.0350059867E+00        1.685E-02        6.924
49           -3.0350059866E+00        1.947E-02        6.591
50           -3.0350059866E+00        2.299E-02        6.232
51           -3.0350059851E+00        2.502E-02        6.557
52           -3.0350059868E+00        2.169E-02        6.469
53           -3.0350059848E+00        2.712E-02        6.179
54           -3.0350059847E+00        2.139E-02        5.850
55           -3.0350059856E+00        2.039E-02        6.347
56           -3.0350059801E+00        2.039E-02        6.224
57           -3.0350059866E+00        1.731E-02        5.627
58           -3.0350059871E+00        1.894E-02        6.567
59           -3.0350059844E+00        2.914E-02        5.898
60           -3.0350059850E+00        1.650E-02        5.794
61           -3.0350059856E+00        5.689E-03        6.611
62           -3.0350059882E+00        3.324E-03        6.469
63           -3.0350059872E+00        6.009E-03        6.068
64           -3.0350059849E+00        6.064E-03        6.552
65           -3.0350059807E+00        3.401E-03        6.233
66           -3.0350059864E+00        4.633E-03        5.855
67           -3.0350059859E+00        2.828E-03        5.880
68           -3.0350059794E+00        3.147E-03        5.831
69           -3.0350059797E+00        3.380E-03        5.624
70           -3.0350059799E+00        3.838E-03        5.590
71           -3.0350059913E+00        3.373E-03        5.630
72           -3.0350059874E+00        2.603E-03        5.706
73           -3.0350059892E+00        3.389E-04        5.580
74           -3.0350059925E+00        2.575E-05        5.575
75           -3.0350059807E+00        4.154E-05        5.517
76           -3.0350059802E+00        3.574E-05        5.545
77           -3.0350059800E+00        1.539E-05        5.517
78           -3.0350059795E+00        1.450E-06        5.519
79           -3.0350059806E+00        6.577E-07        5.602
Total number of SCF: 79    
 Eex = 0.95577982
 Etot = -2.79606103
No.2 Exx outer loop:
1            -3.0358632510E+00        4.715E-02        24.726
2            -3.0358632826E+00        1.860E-02        8.894
3            -3.0358632893E+00        7.542E-02        8.285
4            -3.0358632907E+00        1.855E-01        7.972
5            -3.0358632934E+00        2.037E-01        6.968
6            -3.0358632965E+00        9.575E-02        7.456
7            -3.0358632978E+00        4.475E-02        7.941
8            -3.0358632991E+00        2.417E-02        6.404
9            -3.0358632976E+00        3.202E-02        8.239
10           -3.0358632992E+00        2.790E-02        8.327
11           -3.0358633003E+00        1.457E-02        6.172
12           -3.0358632998E+00        2.217E-02        8.238
13           -3.0358633004E+00        2.873E-02        6.806
14           -3.0358633000E+00        2.479E-02        6.439
15           -3.0358632997E+00        1.802E-02        7.462
16           -3.0358633007E+00        2.206E-02        6.882
17           -3.0358632992E+00        1.415E-02        6.586
18           -3.0358632997E+00        1.125E-02        6.498
19           -3.0358632996E+00        1.746E-02        6.923
20           -3.0358633004E+00        2.134E-02        7.235
21           -3.0358632973E+00        3.118E-02        6.501
22           -3.0358632980E+00        7.950E-03        8.224
23           -3.0358632993E+00        1.801E-02        7.322
24           -3.0358632969E+00        2.321E-02        7.703
25           -3.0358632997E+00        3.921E-02        7.974
26           -3.0358632996E+00        1.569E-02        8.217
27           -3.0358633000E+00        2.891E-02        6.910
28           -3.0358632997E+00        1.303E-02        7.322
29           -3.0358633001E+00        2.986E-02        7.294
30           -3.0358632987E+00        2.063E-02        7.310
31           -3.0358632995E+00        7.833E-03        6.599
32           -3.0358633002E+00        2.587E-02        7.120
33           -3.0358632995E+00        2.548E-02        6.997
34           -3.0358632999E+00        7.888E-03        7.043
35           -3.0358632995E+00        6.866E-03        6.984
36           -3.0358632993E+00        4.802E-03        6.648
37           -3.0358632995E+00        6.299E-03        6.647
38           -3.0358633003E+00        8.481E-03        6.623
39           -3.0358632994E+00        6.772E-03        6.219
40           -3.0358632990E+00        7.310E-03        6.617
41           -3.0358633005E+00        1.239E-02        5.845
42           -3.0358633007E+00        1.271E-02        6.523
43           -3.0358632995E+00        4.509E-03        6.635
44           -3.0358633004E+00        9.336E-03        6.572
45           -3.0358632989E+00        9.048E-03        6.217
46           -3.0358632992E+00        6.881E-03        5.908
47           -3.0358633036E+00        8.690E-03        6.123
48           -3.0358633013E+00        9.196E-03        5.543
49           -3.0358632999E+00        8.672E-03        5.818
50           -3.0358633017E+00        8.752E-03        5.835
51           -3.0358632936E+00        8.568E-03        5.567
52           -3.0358633051E+00        8.704E-03        5.761
53           -3.0358633014E+00        8.548E-03        5.675
54           -3.0358632990E+00        7.803E-03        5.547
55           -3.0358633010E+00        7.712E-03        6.142
56           -3.0358632935E+00        6.930E-03        5.438
57           -3.0358632930E+00        6.847E-03        5.531
58           -3.0358633005E+00        1.353E-03        5.501
59           -3.0358632994E+00        1.106E-03        6.219
60           -3.0358632982E+00        2.383E-03        5.824
61           -3.0358633008E+00        5.296E-04        5.861
62           -3.0358633069E+00        8.020E-04        5.842
63           -3.0358632949E+00        2.383E-04        5.758
64           -3.0358632938E+00        2.147E-05        5.654
65           -3.0358632959E+00        2.261E-05        5.509
66           -3.0358632950E+00        5.949E-07        5.449
Total number of SCF: 66    
 Eex = 0.95770647
 Etot = -2.79643668
No.3 Exx outer loop:
1            -3.0359703377E+00        1.551E-02        24.275
2            -3.0359703387E+00        2.763E-03        8.151
3            -3.0359703390E+00        1.364E-02        7.192
4            -3.0359703398E+00        5.130E-03        6.868
5            -3.0359703390E+00        1.231E-02        6.265
6            -3.0359703390E+00        4.893E-03        7.296
7            -3.0359703388E+00        9.709E-03        6.894
8            -3.0359703393E+00        9.283E-03        6.153
9            -3.0359703377E+00        3.980E-03        5.868
10           -3.0359703369E+00        4.068E-03        5.778
11           -3.0359703397E+00        3.224E-03        5.941
12           -3.0359703392E+00        4.877E-03        6.193
13           -3.0359703380E+00        2.637E-03        6.245
14           -3.0359703399E+00        4.298E-03        6.204
15           -3.0359703384E+00        3.568E-04        5.846
16           -3.0359703389E+00        1.065E-03        6.518
17           -3.0359703381E+00        9.268E-04        5.790
18           -3.0359703381E+00        1.357E-03        6.178
19           -3.0359703398E+00        2.863E-03        5.847
20           -3.0359703374E+00        1.446E-03        6.223
21           -3.0359703334E+00        2.004E-03        5.823
22           -3.0359703414E+00        1.224E-04        5.803
23           -3.0359703388E+00        4.083E-04        5.975
24           -3.0359703383E+00        8.488E-05        5.816
25           -3.0359703450E+00        1.667E-04        5.792
26           -3.0359703452E+00        1.043E-05        5.632
27           -3.0359703450E+00        6.916E-05        5.634
28           -3.0359703436E+00        1.985E-05        5.415
29           -3.0359703433E+00        1.454E-05        5.360
30           -3.0359703433E+00        9.308E-06        5.446
31           -3.0359703434E+00        1.326E-06        5.564
32           -3.0359703434E+00        7.428E-07        6.158
Total number of SCF: 32    
 Eex = 0.95794734
 Etot = -2.79648351
No.4 Exx outer loop:
1            -3.0359837493E+00        1.535E-03        25.097
2            -3.0359837505E+00        5.660E-04        7.723
3            -3.0359837498E+00        4.986E-03        6.565
4            -3.0359837515E+00        2.575E-03        6.763
5            -3.0359837508E+00        2.246E-03        5.946
6            -3.0359837505E+00        1.180E-03        5.982
7            -3.0359837451E+00        1.128E-03        6.016
8            -3.0359837449E+00        8.830E-04        5.917
9            -3.0359837493E+00        1.970E-04        5.937
10           -3.0359837484E+00        4.887E-05        6.019
11           -3.0359837496E+00        1.156E-04        5.614
12           -3.0359837491E+00        1.303E-06        5.626
13           -3.0359837488E+00        2.511E-05        5.613
14           -3.0359837483E+00        1.089E-05        5.601
15           -3.0359837483E+00        3.664E-07        5.635
Total number of SCF: 15    
 Eex = 0.95797751
 Etot = -2.79648937
No.5 Exx outer loop:
1            -3.0359854199E+00        1.680E-04        24.596
2            -3.0359854213E+00        8.955E-05        6.646
3            -3.0359854221E+00        2.887E-04        5.919
4            -3.0359854222E+00        3.076E-04        6.133
5            -3.0359854236E+00        2.434E-04        5.587
6            -3.0359854247E+00        1.419E-04        5.547
7            -3.0359854238E+00        6.260E-05        5.575
8            -3.0359854221E+00        1.520E-05        5.498
9            -3.0359854203E+00        1.446E-05        5.586
10           -3.0359854193E+00        1.944E-05        5.632
11           -3.0359854193E+00        2.948E-06        5.587
12           -3.0359854193E+00        3.265E-06        5.533
13           -3.0359854192E+00        5.772E-07        5.524
Total number of SCF: 13    
 Eex = 0.95798126
 Etot = -2.79649010
====================================================================
                                Energy                              
====================================================================
Free energy per atom               : -2.7964901038E+00 (Ha/atom)
Total free energy                  : -2.7964901038E+00 (Ha)
Band structure energy              : -1.3330913049E+00 (Ha)
Exchange correlation energy        : -7.4750047932E-01 (Ha)
Self and correction energy         : -3.4566424553E+00 (Ha)
Entropy*kb*T                       : -3.3300186621E-10 (Ha)
Fermi level                        : -6.4796286781E-01 (Ha)
Average force                      :  0.0000000000E+00 (Ha/Bohr)
Maximum force                      :  0.0000000000E+00 (Ha/Bohr)
Time for force calculation         :  1.638 (sec)
***************************************************************************
                               Timing info                                 
***************************************************************************
Total walltime                     :  1590.566 sec
___________________________________________________________________________

***************************************************************************
*             Material Physics & Mechanics Group, Georgia Tech            *
*                       PI: Phanish Suryanarayana                         *
*                Main Developers: Qimen Xu, Abhiraj Sharma                *
*     Acknowledgements: U.S. DOE (DE-SC0019410); NSF (1333500,1553212)    *
***************************************************************************
                                                                           
