***************************************************************************
*                      M-SPARC v1.0.0 (Mar 29, 2021)                      *
*   Copyright (c) 2019 Material Physics & Mechanics Group, Georgia Tech   *
*           Distributed under GNU General Public License 3 (GPL)          *
*                Date: 12-Apr-2021  Start time: 11:27:07                  *
***************************************************************************
                           Input parameters                                
***************************************************************************
CELL: 8.000000 8.000000 8.000000 
FD_GRID: 16 16 16
FD_ORDER: 12
BC: P P P
KPOINT_GRID: 1 1 1
KPOINT_SHIFT: 0 0 0
EXCHANGE_CORRELATION: LDA_PZ
OFDFT_FLAG: 1
OFDFT_LAMBDA: 0.200000
TOL_OFDFT: 1.00E-04
CALC_STRESS: 0
CALC_PRES: 0
MD_FLAG: 1
MD_METHOD: NVE
MD_TIMESTEP: 1.00
MD_NSTEP: 5
ION_ELEC_EQT: 1
ION_TEMP: 315.773000
TOL_PSEUDOCHARGE: 1.00E-08
REFERENCE_CUTOFF: 0.50
FIX_RAND: 0
PRINT_FORCES: 1
PRINT_ATOMS: 1
PRINT_DENSITY: 0
PRINT_MDOUT: 1
PRINT_VELS: 1
PRINT_RESTART: 1
PRINT_RESTART_FQ: 5
OUTPUT_FILE: ../tests/OFDFT/Al4_MD/Al.out
***************************************************************************
                             Initialization                                
***************************************************************************
Mesh spacing                       :  0.500000 (Bohr)
Number of symmetry adapted k-points:  1
Output printed to                  :  ../tests/OFDFT/Al4_MD/Al.out
Total number of atom types         :  1
Total number of atoms              :  4
Total number of electrons          :  12
Atom type 1  (valence electrons)   :  Al 3
Pseudopotential                    :  Al_goodwin.psp8
lloc                               :  0
Atomic mass                        :  26.981538499999999
Pseudocharge radii of atom type 1  :  11.00 11.00 11.00
Number of atoms of type 1          :  4
Estimated total memory usage       :  13.06 MB
=====================================================================
                Orbital-Free DFT NLCG (OFDFT-NLCG#1)                
=====================================================================
Iteration      Free Energy (Ha/atom)   NLCG Error        Timing (sec)
1              -2.2114653075E+00       1.125E-02         0.011
2              -2.2123445996E+00       7.638E-03         0.009
3              -2.2130046001E+00       2.992E-03         0.009
4              -2.2130643674E+00       1.453E-03         0.008
5              -2.2130835219E+00       6.365E-04         0.008
6              -2.2130872610E+00       3.770E-04         0.009
7              -2.2130883781E+00       1.787E-04         0.008
8              -2.2130886748E+00       1.226E-04         0.009
9              -2.2130888409E+00       7.569E-05         0.008
====================================================================
                                Energy                              
====================================================================
Free energy per atom               : -2.2130888409E+00 (Ha/atom)
Total free energy                  : -8.8523553636E+00 (Ha)
Kinetic energy                     :  3.3038795150E+00 (Ha)
Exchange correlation energy        : -3.1454956628E+00 (Ha)
Self and correction energy         : -1.6403679287E+01 (Ha)
Average force                      :  1.1840049699E-15 (Ha/Bohr)
Maximum force                      :  1.5895111746E-15 (Ha/Bohr)
Time for force calculation         :  0.476 (sec)
Relax time                         :  0.939 (sec)
=====================================================================
                Orbital-Free DFT NLCG (OFDFT-NLCG#2)                
=====================================================================
Iteration      Free Energy (Ha/atom)   NLCG Error        Timing (sec)
1              -2.2130850150E+00       3.655E-04         0.007
2              -2.2130859396E+00       2.677E-04         0.007
3              -2.2130867122E+00       1.462E-04         0.006
4              -2.2130869442E+00       9.588E-05         0.006
====================================================================
                                Energy                              
====================================================================
Free energy per atom               : -2.2130869442E+00 (Ha/atom)
Total free energy                  : -8.8523477768E+00 (Ha)
Kinetic energy                     :  3.3036667661E+00 (Ha)
Exchange correlation energy        : -3.1454424549E+00 (Ha)
Self and correction energy         : -1.6403668688E+01 (Ha)
Average force                      :  6.2545465450E-04 (Ha/Bohr)
Maximum force                      :  9.2881808293E-04 (Ha/Bohr)
Time for force calculation         :  0.420 (sec)
Relax time                         :  0.790 (sec)
=====================================================================
                Orbital-Free DFT NLCG (OFDFT-NLCG#3)                
=====================================================================
Iteration      Free Energy (Ha/atom)   NLCG Error        Timing (sec)
1              -2.2130786681E+00       4.572E-04         0.007
2              -2.2130799976E+00       2.644E-04         0.006
3              -2.2130808728E+00       1.797E-04         0.006
4              -2.2130811313E+00       1.184E-04         0.007
5              -2.2130812619E+00       5.130E-05         0.007
====================================================================
                                Energy                              
====================================================================
Free energy per atom               : -2.2130812619E+00 (Ha/atom)
Total free energy                  : -8.8523250476E+00 (Ha)
Kinetic energy                     :  3.3036893026E+00 (Ha)
Exchange correlation energy        : -3.1454539943E+00 (Ha)
Self and correction energy         : -1.6403633881E+01 (Ha)
Average force                      :  9.7133262088E-04 (Ha/Bohr)
Maximum force                      :  1.4094560215E-03 (Ha/Bohr)
Time for force calculation         :  0.450 (sec)
Relax time                         :  0.857 (sec)
=====================================================================
                Orbital-Free DFT NLCG (OFDFT-NLCG#4)                
=====================================================================
Iteration      Free Energy (Ha/atom)   NLCG Error        Timing (sec)
1              -2.2130713500E+00       1.554E-04         0.010
2              -2.2130715437E+00       1.191E-04         0.007
3              -2.2130716870E+00       7.263E-05         0.007
====================================================================
                                Energy                              
====================================================================
Free energy per atom               : -2.2130716870E+00 (Ha/atom)
Total free energy                  : -8.8522867480E+00 (Ha)
Kinetic energy                     :  3.3039320464E+00 (Ha)
Exchange correlation energy        : -3.1455245841E+00 (Ha)
Self and correction energy         : -1.6403576184E+01 (Ha)
Average force                      :  1.1951192591E-03 (Ha/Bohr)
Maximum force                      :  1.7108182754E-03 (Ha/Bohr)
Time for force calculation         :  0.453 (sec)
Relax time                         :  0.874 (sec)
=====================================================================
                Orbital-Free DFT NLCG (OFDFT-NLCG#5)                
=====================================================================
Iteration      Free Energy (Ha/atom)   NLCG Error        Timing (sec)
1              -2.2130578588E+00       2.087E-04         0.009
2              -2.2130581116E+00       1.393E-04         0.007
3              -2.2130584189E+00       9.089E-05         0.008
====================================================================
                                Energy                              
====================================================================
Free energy per atom               : -2.2130584189E+00 (Ha/atom)
Total free energy                  : -8.8522336756E+00 (Ha)
Kinetic energy                     :  3.3040698881E+00 (Ha)
Exchange correlation energy        : -3.1455775539E+00 (Ha)
Self and correction energy         : -1.6403495831E+01 (Ha)
Average force                      :  1.6480946270E-03 (Ha/Bohr)
Maximum force                      :  2.3687587957E-03 (Ha/Bohr)
Time for force calculation         :  0.477 (sec)
Relax time                         :  0.870 (sec)
***************************************************************************
                               Timing info                                 
***************************************************************************
Total walltime                     :  4.598 sec
___________________________________________________________________________

***************************************************************************
*             Material Physics & Mechanics Group, Georgia Tech            *
*                       PI: Phanish Suryanarayana                         *
*                Main Developers: Qimen Xu, Abhiraj Sharma                *
*     Acknowledgements: U.S. DOE (DE-SC0019410); NSF (1333500,1553212)    *
***************************************************************************
                                                                           
