***************************************************************************
*                      M-SPARC v1.0.0 (Oct 07, 2020)                      *
*   Copyright (c) 2019 Material Physics & Mechanics Group, Georgia Tech   *
*           Distributed under GNU General Public License 3 (GPL)          *
*                Date: 05-Jan-2021  Start time: 19:30:34                  *
***************************************************************************
                           Input parameters                                
***************************************************************************
CELL: 20.000000 20.000000 20.000000 
FD_GRID: 67 67 67
FD_ORDER: 12
BC: D D D
ELEC_TEMP_TYPE: fermi-dirac
SMEARING: 0.000999993
CHEB_DEGREE: 25
NSTATES: 3
EXCHANGE_CORRELATION: HF
CALC_STRESS: 0
CALC_PRES: 0
MAXIT_SCF: 100
TOL_SCF: 1.00E-06
TOL_POISSON: 1.00E-08
TOL_LANCZOS: 1.00E-02
TOL_PSEUDOCHARGE: 1.00E-08
MIXING_VARIABLE: potential
MIXING_PRECOND: none
MIXING_PARAMETER: 0.30
MIXING_HISTORY: 7
PULAY_FREQUENCY: 1
PULAY_RESTART_FREQ: 0
REFERENCE_CUTOFF: 0.50
RHO_TRIGGER: 4
FIX_RAND: 0
PRINT_FORCES: 1
PRINT_ATOMS: 1
PRINT_EIGEN: 1
PRINT_DENSITY: 0
MAXIT_FOCK: 20
TOL_FOCK: 1.00E-06
HYB_MIXING: 1.00
EXX_METHOD: FOURIER_SPACE
OUTPUT_FILE: ../tests/Exx/Li/Li-HF.out
***************************************************************************
                             Initialization                                
***************************************************************************
Mesh spacing                       :  0.298507 (Bohr)
Output printed to                  :  ../tests/Exx/Li/Li-HF.out
Total number of atom types         :  1
Total number of atoms              :  1
Total number of electrons          :  3
Atom type 1  (valence electrons)   :  Li 3
Pseudopotential                    :  Li.pot
lloc                               :  4
Pseudocharge radii of atom type 1  :  6.57 6.57 6.57
Number of atoms of type 1          :  1
Estimated total memory usage       :  1.18 GB
=====================================================================
                    Self Consistent Field (SCF#1)                     
=====================================================================
Iteration     Free Energy (Ha/atom)   SCF Error        Timing (sec)
1            -7.0157829440E+00        4.195E-01        6.976
2            -7.0479910446E+00        2.309E-01        9.588
3            -7.0545798293E+00        1.525E-01        9.257
4            -7.0564640656E+00        8.974E-02        8.803
5            -7.0571286349E+00        3.909E-02        8.100
6            -7.0573553975E+00        1.594E-02        8.140
7            -7.0574247319E+00        3.952E-03        7.732
8            -7.0574476442E+00        2.676E-03        7.731
9            -7.0574553226E+00        1.826E-03        7.629
10           -7.0574576994E+00        1.822E-03        6.662
11           -7.0574583695E+00        3.538E-04        6.393
12           -7.0574586088E+00        3.270E-04        6.357
13           -7.0574586971E+00        4.257E-04        5.690
14           -7.0574586744E+00        9.631E-04        5.366
15           -7.0574587236E+00        4.167E-04        5.575
16           -7.0574587201E+00        3.550E-04        5.248
17           -7.0574587156E+00        3.753E-04        4.614
18           -7.0574587103E+00        3.939E-04        4.542
19           -7.0574587202E+00        2.683E-04        4.541
20           -7.0574587332E+00        8.800E-05        4.536
21           -7.0574587391E+00        5.274E-05        4.908
22           -7.0574587409E+00        3.815E-05        4.926
23           -7.0574587413E+00        4.530E-05        4.509
24           -7.0574587415E+00        3.950E-05        4.114
25           -7.0574587417E+00        1.178E-05        4.168
26           -7.0574587420E+00        7.260E-06        4.168
27           -7.0574587418E+00        1.977E-06        4.159
28           -7.0574587421E+00        1.093E-06        3.791
29           -7.0574587421E+00        6.631E-07        3.864
Total number of SCF: 29    
No.1 Exx outer loop:
1            -8.4798965720E+00        7.480E-02        39.249
2            -8.4799482183E+00        4.941E-02        15.970
3            -8.4800131125E+00        3.470E-03        14.033
4            -8.4800162667E+00        1.976E-03        15.218
5            -8.4800164574E+00        1.680E-03        16.390
6            -8.4800164811E+00        8.313E-04        14.004
7            -8.4800164978E+00        4.849E-04        13.712
8            -8.4800164986E+00        1.834E-04        13.625
9            -8.4800164993E+00        3.818E-05        12.980
10           -8.4800165065E+00        1.386E-05        12.788
11           -8.4800165019E+00        6.565E-05        12.474
12           -8.4800164985E+00        1.311E-05        12.442
13           -8.4800164980E+00        6.854E-06        12.163
14           -8.4800164982E+00        3.266E-06        11.825
15           -8.4800164994E+00        1.201E-06        11.479
16           -8.4800165044E+00        1.936E-07        11.243
Total number of SCF: 16    
 Eex = 1.48344543
 Etot = -6.99657107
No.2 Exx outer loop:
1            -8.4813185452E+00        3.052E-02        37.680
2            -8.4813270581E+00        2.008E-02        14.937
3            -8.4813375141E+00        2.250E-04        13.834
4            -8.4813381407E+00        5.336E-04        14.506
5            -8.4813381786E+00        1.484E-04        13.895
6            -8.4813381791E+00        3.360E-05        13.221
7            -8.4813381782E+00        7.737E-05        12.426
8            -8.4813381857E+00        4.680E-05        12.852
9            -8.4813381802E+00        8.680E-06        12.568
10           -8.4813381777E+00        3.292E-06        12.112
11           -8.4813381779E+00        1.761E-06        11.377
12           -8.4813381785E+00        1.352E-06        11.415
13           -8.4813381702E+00        3.818E-07        11.166
Total number of SCF: 13    
 Eex = 1.48344108
 Etot = -6.99789709
No.3 Exx outer loop:
1            -8.4806866035E+00        1.220E-02        37.828
2            -8.4806879375E+00        8.024E-03        14.644
3            -8.4806896237E+00        1.465E-03        13.073
4            -8.4806896756E+00        9.389E-04        14.256
5            -8.4806896903E+00        1.194E-04        13.188
6            -8.4806896923E+00        4.992E-05        13.626
7            -8.4806896863E+00        1.114E-04        12.250
8            -8.4806896920E+00        2.312E-05        12.959
9            -8.4806896961E+00        3.966E-06        12.601
10           -8.4806896937E+00        3.739E-06        12.208
11           -8.4806896890E+00        2.385E-06        11.718
12           -8.4806896911E+00        1.254E-06        10.898
13           -8.4806896958E+00        1.324E-06        11.266
14           -8.4806896930E+00        7.093E-07        10.969
Total number of SCF: 14    
 Eex = 1.48280757
 Etot = -6.99788212
No.4 Exx outer loop:
1            -8.4801733242E+00        4.842E-03        37.975
2            -8.4801735270E+00        3.185E-03        14.355
3            -8.4801737843E+00        1.900E-04        13.082
4            -8.4801737963E+00        7.603E-05        13.479
5            -8.4801737952E+00        3.296E-05        12.889
6            -8.4801737938E+00        1.085E-05        12.928
7            -8.4801737952E+00        5.540E-06        12.265
8            -8.4801738012E+00        7.722E-06        11.630
9            -8.4801737951E+00        2.217E-06        11.467
10           -8.4801737957E+00        1.157E-06        10.774
11           -8.4801737935E+00        6.053E-07        10.736
Total number of SCF: 11    
 Eex = 1.48240949
 Etot = -6.99776430
No.5 Exx outer loop:
1            -8.4799092917E+00        1.916E-03        37.842
2            -8.4799093141E+00        1.261E-03        13.856
3            -8.4799093597E+00        4.372E-05        12.881
4            -8.4799093612E+00        1.219E-05        12.828
5            -8.4799093584E+00        3.722E-05        12.437
6            -8.4799093538E+00        1.210E-05        12.509
7            -8.4799093589E+00        4.061E-06        11.505
8            -8.4799093612E+00        9.423E-07        10.825
Total number of SCF: 8     
 Eex = 1.48221660
 Etot = -6.99769277
No.6 Exx outer loop:
1            -8.4797904452E+00        7.580E-04        37.455
2            -8.4797904519E+00        4.989E-04        13.065
3            -8.4797904650E+00        4.694E-05        12.448
4            -8.4797904588E+00        9.956E-07        12.615
Total number of SCF: 4     
 Eex = 1.48213125
 Etot = -6.99765920
No.7 Exx outer loop:
1            -8.4797390551E+00        2.929E-04        37.888
2            -8.4797390596E+00        1.927E-04        12.890
3            -8.4797390635E+00        6.658E-06        12.600
4            -8.4797390581E+00        4.905E-06        12.676
5            -8.4797390607E+00        3.750E-06        12.121
6            -8.4797390586E+00        2.812E-06        11.929
7            -8.4797390499E+00        3.132E-06        10.869
8            -8.4797390643E+00        1.684E-06        10.583
9            -8.4797390562E+00        2.051E-06        10.609
10           -8.4797390740E+00        1.365E-06        10.096
11           -8.4797390716E+00        1.563E-06        10.365
12           -8.4797390595E+00        1.717E-06        10.147
13           -8.4797390652E+00        1.425E-07        10.294
Total number of SCF: 13    
 Eex = 1.48209540
 Etot = -6.99764367
No.8 Exx outer loop:
1            -8.4797187968E+00        1.158E-04        37.748
2            -8.4797187985E+00        7.627E-05        12.789
3            -8.4797188006E+00        7.552E-06        12.152
4            -8.4797188005E+00        4.145E-06        12.374
5            -8.4797188000E+00        1.926E-07        11.865
Total number of SCF: 5     
 Eex = 1.48208114
 Etot = -6.99763766
No.9 Exx outer loop:
1            -8.4797105620E+00        4.545E-05        37.830
2            -8.4797105614E+00        3.023E-05        12.513
3            -8.4797105666E+00        1.546E-06        11.525
4            -8.4797105622E+00        1.895E-06        12.161
5            -8.4797105527E+00        7.755E-07        11.498
Total number of SCF: 5     
 Eex = 1.48207538
 Etot = -6.99763517
No.10 Exx outer loop:
1            -8.4797072803E+00        1.762E-05        37.585
2            -8.4797072742E+00        1.188E-05        12.437
3            -8.4797072765E+00        1.677E-07        10.923
Total number of SCF: 3     
 Eex = 1.48207305
 Etot = -6.99763422
No.11 Exx outer loop:
1            -8.4797059108E+00        6.562E-06        38.315
2            -8.4797059015E+00        4.487E-06        12.398
3            -8.4797059047E+00        2.646E-07        10.685
Total number of SCF: 3     
 Eex = 1.48207211
 Etot = -6.99763379
No.12 Exx outer loop:
1            -8.4797053985E+00        1.930E-06        38.303
2            -8.4797053963E+00        1.330E-06        11.632
3            -8.4797053914E+00        2.127E-07        10.566
Total number of SCF: 3     
 Eex = 1.48207175
 Etot = -6.99763364
====================================================================
                                Energy                              
====================================================================
Free energy per atom               : -6.9976336379E+00 (Ha/atom)
Total free energy                  : -6.9976336379E+00 (Ha)
Band structure energy              : -4.9628718764E+00 (Ha)
Exchange correlation energy        : -0.0000000000E+00 (Ha)
Self and correction energy         : -7.8103020601E+00 (Ha)
Entropy*kb*T                       : -1.3862850069E-03 (Ha)
Fermi level                        : -9.0015343908E-02 (Ha)
Average force                      :  0.0000000000E+00 (Ha/Bohr)
Maximum force                      :  0.0000000000E+00 (Ha/Bohr)
Time for force calculation         :  1.596 (sec)
***************************************************************************
                               Timing info                                 
***************************************************************************
Total walltime                     :  1857.076 sec
___________________________________________________________________________

***************************************************************************
*             Material Physics & Mechanics Group, Georgia Tech            *
*                       PI: Phanish Suryanarayana                         *
*                Main Developers: Qimen Xu, Abhiraj Sharma                *
*     Acknowledgements: U.S. DOE (DE-SC0019410); NSF (1333500,1553212)    *
***************************************************************************
                                                                           
