***************************************************************************
*                      M-SPARC v1.0.0 (Oct 07, 2020)                      *
*   Copyright (c) 2019 Material Physics & Mechanics Group, Georgia Tech   *
*           Distributed under GNU General Public License 3 (GPL)          *
*                Date: 02-Nov-2020  Start time: 15:57:39                  *
***************************************************************************
                           Input parameters                                
***************************************************************************
CELL: 30.000000 30.000000 30.000000 
FD_GRID: 45 45 45
FD_ORDER: 12
BC: P P P
KPOINT_GRID: 1 1 1
KPOINT_SHIFT: 0 0 0
ELEC_TEMP_TYPE: fermi-dirac
SMEARING: 0.001000000
CHEB_DEGREE: 30
NSTATES: 2
EXCHANGE_CORRELATION: GGA_PBE
CALC_STRESS: 0
CALC_PRES: 0
MAXIT_SCF: 100
TOL_SCF: 1.00E-06
TOL_POISSON: 1.00E-08
TOL_LANCZOS: 1.00E-02
TOL_PSEUDOCHARGE: 1.00E-08
MIXING_VARIABLE: potential
MIXING_PRECOND: none
MIXING_PARAMETER: 0.30
MIXING_HISTORY: 7
PULAY_FREQUENCY: 1
PULAY_RESTART_FREQ: 0
REFERENCE_CUTOFF: 0.50
RHO_TRIGGER: 4
FIX_RAND: 0
PRINT_FORCES: 1
PRINT_ATOMS: 1
PRINT_EIGEN: 0
PRINT_DENSITY: 0
OUTPUT_FILE: ../tests/Exx/Na/Na.out
***************************************************************************
                             Initialization                                
***************************************************************************
Mesh spacing                       :  0.666667 (Bohr)
Number of symmetry adapted k-points:  1
Output printed to                  :  ../tests/Exx/Na/Na.out
Total number of atom types         :  1
Total number of atoms              :  2
Total number of electrons          :  2
Atom type 1  (valence electrons)   :  Na 1
Pseudopotential                    :  Na_TM.psp
lloc                               :  0
Pseudocharge radii of atom type 1  :  8.67 8.67 8.67
Number of atoms of type 1          :  2
Estimated total memory usage       :  260.02 MB
=====================================================================
                    Self Consistent Field (SCF#1)                     
=====================================================================
Iteration     Free Energy (Ha/atom)   SCF Error        Timing (sec)
1            -9.2209363784E-02        4.974E-01        0.863
2            -1.3751957771E-01        3.283E-01        1.051
3            -1.6972805963E-01        4.038E-01        1.110
4            -1.8642592429E-01        3.407E-01        1.104
5            -1.9514943987E-01        2.368E-01        1.060
6            -1.9936778101E-01        1.699E-01        1.019
7            -2.0119166079E-01        1.351E-01        1.020
8            -2.0192306654E-01        1.144E-01        1.022
9            -2.0228423761E-01        8.856E-02        1.000
10           -2.0242125382E-01        7.089E-02        0.960
11           -2.0244448850E-01        6.695E-02        1.021
12           -2.0237228014E-01        7.051E-02        0.952
13           -2.0258946109E-01        3.905E-02        0.867
14           -2.0263768921E-01        2.106E-02        0.949
15           -2.0262713871E-01        1.897E-02        0.907
16           -2.0264044733E-01        1.585E-02        0.946
17           -2.0265742427E-01        8.600E-03        0.804
18           -2.0265907100E-01        4.902E-03        0.799
19           -2.0265925646E-01        3.831E-03        0.800
20           -2.0265932856E-01        2.828E-03        0.724
21           -2.0265941271E-01        1.292E-03        0.661
22           -2.0265942121E-01        1.941E-03        0.732
23           -2.0265942115E-01        2.762E-03        0.656
24           -2.0265942465E-01        2.041E-03        0.684
25           -2.0265942524E-01        1.255E-03        0.658
26           -2.0265942580E-01        1.172E-03        0.654
27           -2.0265942526E-01        1.201E-03        0.584
28           -2.0265942534E-01        1.024E-03        0.515
29           -2.0265942527E-01        9.800E-04        0.583
Total number of SCF: 29    
1            -1.9071871297E-01        3.926E-02        6.618
2            -1.9079350167E-01        1.780E-02        2.180
3            -1.9096341677E-01        4.250E-03        1.994
4            -1.9099885783E-01        7.594E-03        2.054
5            -1.9101473612E-01        6.591E-03        2.015
6            -1.9102254219E-01        5.037E-03        1.917
7            -1.9099872020E-01        2.562E-03        1.895
8            -1.9099236439E-01        2.570E-03        1.912
9            -1.9099368871E-01        3.609E-03        1.860
10           -1.9100087683E-01        3.992E-03        1.788
11           -1.9099916749E-01        2.786E-03        1.919
12           -1.9099715341E-01        2.393E-03        1.856
13           -1.9099728743E-01        1.507E-03        1.847
14           -1.9099750517E-01        1.343E-03        1.789
15           -1.9099785656E-01        1.249E-03        1.739
16           -1.9099562701E-01        2.209E-03        1.770
17           -1.9099525277E-01        3.011E-03        1.865
18           -1.9099452452E-01        2.721E-03        1.784
19           -1.9099385882E-01        2.319E-03        1.776
20           -1.9099335829E-01        7.988E-04        1.787
21           -1.9099336480E-01        1.273E-04        1.795
22           -1.9099350208E-01        9.797E-05        1.657
23           -1.9099372910E-01        9.941E-05        1.724
24           -1.9099385314E-01        5.292E-05        1.720
25           -1.9099388138E-01        3.115E-05        1.746
26           -1.9099387578E-01        2.126E-05        1.561
27           -1.9099388060E-01        1.367E-05        1.497
28           -1.9099388536E-01        8.897E-06        1.615
29           -1.9099388544E-01        4.238E-06        1.639
30           -1.9099388368E-01        1.082E-06        1.846
31           -1.9099388403E-01        7.847E-07        1.543
Total number of SCF: 31    
1            -1.9126459736E-01        2.599E-03        7.456
2            -1.9127007278E-01        1.462E-03        2.065
3            -1.9128278619E-01        1.819E-03        1.865
4            -1.9128591847E-01        8.461E-04        1.965
5            -1.9128692401E-01        1.846E-03        2.012
6            -1.9128742094E-01        1.167E-03        1.888
7            -1.9128729154E-01        5.394E-04        1.811
8            -1.9128679369E-01        7.373E-04        1.699
9            -1.9128642753E-01        4.116E-05        1.915
10           -1.9128629283E-01        2.046E-05        1.860
11           -1.9128626099E-01        2.711E-05        1.789
12           -1.9128618341E-01        1.729E-05        1.680
13           -1.9128617444E-01        2.438E-05        1.846
14           -1.9128616936E-01        2.148E-05        1.710
15           -1.9128617489E-01        1.815E-05        1.733
16           -1.9128617654E-01        1.405E-05        1.604
17           -1.9128617805E-01        2.044E-06        1.646
18           -1.9128617872E-01        1.147E-06        1.586
19           -1.9128617581E-01        6.472E-07        1.521
Total number of SCF: 19    
1            -1.9130590593E-01        2.205E-04        7.013
2            -1.9130640551E-01        1.221E-04        2.070
3            -1.9130764826E-01        2.570E-05        1.981
4            -1.9130786346E-01        1.810E-05        2.068
5            -1.9130793252E-01        1.339E-05        1.836
6            -1.9130792107E-01        6.956E-06        1.711
7            -1.9130788430E-01        2.560E-06        1.640
8            -1.9130786382E-01        2.673E-06        1.651
9            -1.9130788021E-01        9.501E-07        1.651
Total number of SCF: 9     
1            -1.9130958022E-01        1.962E-05        7.035
2            -1.9130962621E-01        1.128E-05        1.863
3            -1.9130971400E-01        2.675E-06        1.853
4            -1.9130975196E-01        1.387E-06        1.776
5            -1.9130976284E-01        9.222E-07        1.667
Total number of SCF: 5     
1            -1.9130991785E-01        1.421E-06        6.989
2            -1.9130992154E-01        9.602E-07        1.703
3            -1.9130992840E-01        2.806E-07        1.717
Total number of SCF: 3     
====================================================================
                                Energy                              
====================================================================
Free energy per atom               : -1.9130992840E-01 (Ha/atom)
Total free energy                  : -3.8261985681E-01 (Ha)
Band structure energy              : -2.4722669120E-01 (Ha)
Exchange correlation energy        : -1.9109228839E-01 (Ha)
Self and correction energy         : -2.3597317399E+00 (Ha)
Entropy*kb*T                       : -4.0730592769E-10 (Ha)
Fermi level                        : -8.6217033031E-02 (Ha)
Average force                      :  3.4578762606E-03 (Ha/Bohr)
Maximum force                      :  3.4578762606E-03 (Ha/Bohr)
Time for force calculation         :  0.408 (sec)
***************************************************************************
                               Timing info                                 
***************************************************************************
Total walltime                     :  182.194 sec
___________________________________________________________________________

***************************************************************************
*             Material Physics & Mechanics Group, Georgia Tech            *
*                       PI: Phanish Suryanarayana                         *
*                Main Developers: Qimen Xu, Abhiraj Sharma                *
*     Acknowledgements: U.S. DOE (DE-SC0019410); NSF (1333500,1553212)    *
***************************************************************************
                                                                           
