***************************************************************************
*                      M-SPARC v1.0.0 (Oct 07, 2020)                      *
*   Copyright (c) 2019 Material Physics & Mechanics Group, Georgia Tech   *
*           Distributed under GNU General Public License 3 (GPL)          *
*                Date: 03-Nov-2020  Start time: 17:16:02                  *
***************************************************************************
                           Input parameters                                
***************************************************************************
CELL: 30.000000 30.000000 30.000000 
FD_GRID: 45 45 45
FD_ORDER: 12
BC: D D D
ELEC_TEMP_TYPE: fermi-dirac
SMEARING: 0.003675000
CHEB_DEGREE: 15
NSTATES: 10
EXCHANGE_CORRELATION: GGA_PBE
CALC_STRESS: 0
CALC_PRES: 0
MAXIT_SCF: 100
TOL_SCF: 1.00E-06
TOL_POISSON: 1.00E-08
TOL_LANCZOS: 1.00E-02
TOL_PSEUDOCHARGE: 1.00E-08
MIXING_VARIABLE: potential
MIXING_PRECOND: none
MIXING_PARAMETER: 0.30
MIXING_HISTORY: 7
PULAY_FREQUENCY: 1
PULAY_RESTART_FREQ: 0
REFERENCE_CUTOFF: 0.50
RHO_TRIGGER: 4
FIX_RAND: 0
PRINT_FORCES: 1
PRINT_ATOMS: 1
PRINT_EIGEN: 0
PRINT_DENSITY: 0
OUTPUT_FILE: ../tests/Exx/C2_d/C.out
***************************************************************************
                             Initialization                                
***************************************************************************
Mesh spacing                       :  0.666667 (Bohr)
Output printed to                  :  ../tests/Exx/C2_d/C.out
Total number of atom types         :  1
Total number of atoms              :  2
Total number of electrons          :  8
Atom type 1  (valence electrons)   :  C 4
Pseudopotential                    :  C.pot
lloc                               :  4
Pseudocharge radii of atom type 1  :  8.67 8.67 8.67
Number of atoms of type 1          :  2
Estimated total memory usage       :  408.61 MB
=====================================================================
                    Self Consistent Field (SCF#1)                     
=====================================================================
Iteration     Free Energy (Ha/atom)   SCF Error        Timing (sec)
1            -1.0272515098E+01        2.154E+00        1.816
2            -1.0636967085E+01        1.296E+00        1.622
3            -1.0589488519E+01        3.069E-01        1.466
4            -1.0980167944E+01        3.350E-01        1.636
5            -1.1147784641E+01        1.561E-01        1.581
6            -1.1092266459E+01        1.917E-01        1.512
7            -1.0935922483E+01        6.079E-01        1.567
8            -1.1132944538E+01        2.322E-01        1.596
9            -9.4347249092E+00        8.418E-01        1.619
10           -9.7287907317E+00        8.299E-01        1.667
11           -1.1026868093E+01        2.047E-01        1.670
12           -1.0307121835E+01        6.987E-01        1.696
13           -1.0878046040E+01        6.126E-01        1.645
14           -1.0339895894E+01        8.211E-01        1.552
15           -1.0654251641E+01        7.690E-01        1.564
16           -1.0931284713E+01        6.189E-01        1.556
17           -1.0816096972E+01        6.977E-01        1.557
18           -9.6519495512E+00        8.894E-01        1.405
19           -1.0833824650E+01        6.808E-01        1.629
20           -1.0979639358E+01        5.217E-01        1.634
21           -8.5939904131E+00        8.962E-01        1.559
22           -9.9824990335E+00        7.531E-01        1.625
23           -1.0364194782E+01        7.954E-01        1.550
24           -1.1030914046E+01        1.577E-01        1.693
25           -1.1025375107E+01        4.362E-01        1.707
26           -1.0985182150E+01        5.395E-01        1.566
27           -1.1039830474E+01        3.894E-01        1.550
28           -1.1029818926E+01        4.420E-01        1.547
29           -1.0993709348E+01        5.400E-01        1.470
30           -1.0622873188E+01        7.715E-01        1.620
31           -9.3231647029E+00        8.462E-01        1.623
32           -9.8399947323E+00        8.687E-01        1.750
33           -9.8753988686E+00        8.719E-01        1.754
34           -1.0060689899E+01        8.599E-01        1.484
35           -1.0047187878E+01        8.606E-01        1.568
36           -1.0140160566E+01        8.523E-01        1.370
37           -1.0762896102E+01        7.154E-01        1.517
38           -1.0801090560E+01        6.786E-01        1.606
39           -1.0635265904E+01        7.546E-01        1.564
40           -1.0508001428E+01        4.739E-01        1.551
41           -1.0955966005E+01        4.757E-01        1.646
42           -1.0356157401E+01        7.973E-01        1.631
43           -1.0322144633E+01        8.052E-01        1.488
44           -1.0162899958E+01        8.243E-01        1.429
45           -1.0092007065E+01        8.245E-01        1.562
46           -1.0066506810E+01        8.302E-01        1.400
47           -1.0439236905E+01        7.263E-01        1.408
48           -1.0779345865E+01        3.176E-01        1.565
49           -1.0984450922E+01        1.767E-01        1.642
50           -1.1018760563E+01        1.742E-01        1.555
51           -1.1049707405E+01        2.530E-01        1.644
52           -1.1034391205E+01        4.243E-01        1.569
53           -1.1013492140E+01        4.730E-01        1.559
54           -1.1030253933E+01        4.465E-01        1.489
55           -1.1047962203E+01        4.385E-01        1.493
56           -1.1021935402E+01        3.632E-01        1.421
57           -1.1053849538E+01        1.814E-01        1.557
58           -9.1687662779E+00        8.542E-01        1.640
59           -1.0919654025E+01        1.869E-01        1.638
60           -9.8435288814E+00        8.732E-01        1.669
61           -1.0319733949E+01        8.280E-01        1.700
62           -1.0463550027E+01        8.031E-01        1.586
63           -1.0539758247E+01        7.867E-01        1.573
64           -1.0444549716E+01        8.059E-01        1.488
65           -9.9107667621E+00        8.332E-01        1.485
66           -1.1059175963E+01        1.667E-01        1.557
67           -1.0918431483E+01        5.349E-01        1.711
68           -8.6049011394E+00        8.937E-01        1.596
69           -1.1025339459E+01        4.544E-01        1.769
70           -1.1048184609E+01        3.901E-01        1.828
71           -1.1017684659E+01        4.794E-01        1.598
72           -1.1021398289E+01        4.710E-01        1.750
73           -1.0852757436E+01        6.320E-01        1.498
74           -1.0596592609E+01        4.946E-01        1.699
75           -1.1007361482E+01        4.251E-01        1.728
76           -9.7392800048E+00        8.626E-01        1.717
77           -1.0285145105E+01        8.034E-01        1.687
78           -1.0520320005E+01        7.292E-01        1.625
79           -1.1032990215E+01        3.848E-01        1.630
80           -1.0771028090E+01        7.092E-01        1.709
81           -1.0779656416E+01        7.071E-01        1.617
82           -1.0764106740E+01        7.106E-01        1.422
83           -9.8470989063E+00        8.680E-01        1.496
84           -8.7321141754E+00        8.862E-01        1.606
85           -1.1032726523E+01        3.636E-01        1.688
86           -1.0784259538E+01        6.890E-01        1.733
87           -1.0690587839E+01        7.161E-01        1.578
88           -1.1066453417E+01        1.335E-01        1.550
89           -1.1097858479E+01        3.024E-01        1.675
90           -1.1132852035E+01        1.006E-01        1.683
91           -1.1144233670E+01        8.933E-02        1.650
92           -1.1137027759E+01        1.711E-01        1.474
93           -1.0925641562E+01        3.834E-01        1.500
94           -1.1143102953E+01        6.025E-02        1.575
95           -1.1135994991E+01        1.449E-01        1.646
96           -1.0906980023E+01        4.401E-01        1.520
97           -1.1094084003E+01        1.055E-01        1.570
98           -1.1118615693E+01        2.775E-01        1.699
99           -1.1048975917E+01        4.450E-01        1.672
100          -1.1044240807E+01        4.528E-01        1.532
Total number of SCF: 100   
