***************************************************************************
*                      M-SPARC v1.0.0 (Oct 07, 2020)                      *
*   Copyright (c) 2019 Material Physics & Mechanics Group, Georgia Tech   *
*           Distributed under GNU General Public License 3 (GPL)          *
*                Date: 03-Nov-2020  Start time: 17:07:40                  *
***************************************************************************
                           Input parameters                                
***************************************************************************
CELL: 4.609000 4.609000 4.609000 
FD_GRID: 15 15 15
FD_ORDER: 12
BC: P P P
KPOINT_GRID: 1 1 1
KPOINT_SHIFT: 0 0 0
ELEC_TEMP_TYPE: fermi-dirac
SMEARING: 0.003675000
CHEB_DEGREE: 25
NSTATES: 24
EXCHANGE_CORRELATION: GGA_PBE
CALC_STRESS: 0
CALC_PRES: 0
MAXIT_SCF: 100
TOL_SCF: 1.00E-06
TOL_POISSON: 1.00E-08
TOL_LANCZOS: 1.00E-02
TOL_PSEUDOCHARGE: 1.00E-08
MIXING_VARIABLE: potential
MIXING_PRECOND: none
MIXING_PARAMETER: 0.30
MIXING_HISTORY: 7
PULAY_FREQUENCY: 1
PULAY_RESTART_FREQ: 0
REFERENCE_CUTOFF: 0.50
RHO_TRIGGER: 4
FIX_RAND: 0
PRINT_FORCES: 1
PRINT_ATOMS: 1
PRINT_EIGEN: 0
PRINT_DENSITY: 0
OUTPUT_FILE: ../tests/Exx/C/C.out
***************************************************************************
                             Initialization                                
***************************************************************************
Mesh spacing                       :  0.307267 (Bohr)
Number of symmetry adapted k-points:  1
Output printed to                  :  ../tests/Exx/C/C.out
Total number of atom types         :  1
Total number of atoms              :  8
Total number of electrons          :  32
Atom type 1  (valence electrons)   :  C 4
Pseudopotential                    :  C.pot
lloc                               :  4
Pseudocharge radii of atom type 1  :  7.07 7.07 7.07
Number of atoms of type 1          :  8
Estimated total memory usage       :  11.90 MB
=====================================================================
                    Self Consistent Field (SCF#1)                     
=====================================================================
Iteration     Free Energy (Ha/atom)   SCF Error        Timing (sec)
1            -4.8654145345E+00        1.535E-01        0.554
2            -4.8848855438E+00        8.258E-02        0.148
3            -4.8934421206E+00        2.521E-02        0.172
4            -4.8942599385E+00        3.824E-03        0.150
5            -4.8942712807E+00        1.746E-03        0.136
6            -4.8942742477E+00        7.546E-04        0.137
Total number of SCF: 6     
